// Jest Snapshot v1, https://goo.gl/fbAQLP

exports[`DOM render should show "sign In" view in the DOM 1`] = `
"
        <div id=\\"signInContainer\\">
          <img id=\\"bigSnipple\\" src=\\"resources/garabato.png\\" alt=\\"logo\\" class=\\"link\\">
          <h1 id=\\"signInTitle\\">Iniciar sesi칩n</h1>
          <form>
            <input id=\\"userEmail\\" type=\\"text\\" placeholder=\\"Tu correo electr칩nico\\">
            <input id=\\"userPassword\\" type=\\"password\\" placeholder=\\"Tu contrase침a\\">
            <button class=\\"button\\" data-action=\\"signInUser\\">Acceder</button>
          </form>
        </div>
        <div class=\\"signInButton\\">
        <button id=\\"googleSignInButton\\" class=\\"button\\" data-action=\\"signInWithGoogle\\">Iniciar sesi칩n con Google</button>
        </div>
      "
`;
